###############################################################################
#
# IAR ELF Linker V8.32.1.169/W32 for ARM                  28/Jan/2019  15:35:18
# Copyright 2007-2018 IAR Systems AB.
#
#    Output file  =  
#        C:\Users\John\Documents\Embedded\Projects\Embedded-Drive_Train\Drivetrain\EWARM\Drivetrain\Exe\Drivetrain.out
#    Map file     =  
#        C:\Users\John\Documents\Embedded\Projects\Embedded-Drive_Train\Drivetrain\EWARM\Drivetrain\List\Drivetrain.map
#    Command line =  
#        -f C:\Users\John\AppData\Local\Temp\EW9B02.tmp
#        (C:\Users\John\Documents\Embedded\Projects\Embedded-Drive_Train\Drivetrain\EWARM\Drivetrain\Obj\application.o
#        C:\Users\John\Documents\Embedded\Projects\Embedded-Drive_Train\Drivetrain\EWARM\Drivetrain\Obj\can.o
#        C:\Users\John\Documents\Embedded\Projects\Embedded-Drive_Train\Drivetrain\EWARM\Drivetrain\Obj\crc.o
#        C:\Users\John\Documents\Embedded\Projects\Embedded-Drive_Train\Drivetrain\EWARM\Drivetrain\Obj\gpio.o
#        C:\Users\John\Documents\Embedded\Projects\Embedded-Drive_Train\Drivetrain\EWARM\Drivetrain\Obj\i2c.o
#        C:\Users\John\Documents\Embedded\Projects\Embedded-Drive_Train\Drivetrain\EWARM\Drivetrain\Obj\i2c_slave.o
#        C:\Users\John\Documents\Embedded\Projects\Embedded-Drive_Train\Drivetrain\EWARM\Drivetrain\Obj\main.o
#        C:\Users\John\Documents\Embedded\Projects\Embedded-Drive_Train\Drivetrain\EWARM\Drivetrain\Obj\motor_control.o
#        C:\Users\John\Documents\Embedded\Projects\Embedded-Drive_Train\Drivetrain\EWARM\Drivetrain\Obj\radio_control.o
#        C:\Users\John\Documents\Embedded\Projects\Embedded-Drive_Train\Drivetrain\EWARM\Drivetrain\Obj\startup_stm32f446xx.o
#        C:\Users\John\Documents\Embedded\Projects\Embedded-Drive_Train\Drivetrain\EWARM\Drivetrain\Obj\stm32f4xx_hal.o
#        C:\Users\John\Documents\Embedded\Projects\Embedded-Drive_Train\Drivetrain\EWARM\Drivetrain\Obj\stm32f4xx_hal_can.o
#        C:\Users\John\Documents\Embedded\Projects\Embedded-Drive_Train\Drivetrain\EWARM\Drivetrain\Obj\stm32f4xx_hal_cortex.o
#        C:\Users\John\Documents\Embedded\Projects\Embedded-Drive_Train\Drivetrain\EWARM\Drivetrain\Obj\stm32f4xx_hal_crc.o
#        C:\Users\John\Documents\Embedded\Projects\Embedded-Drive_Train\Drivetrain\EWARM\Drivetrain\Obj\stm32f4xx_hal_dma.o
#        C:\Users\John\Documents\Embedded\Projects\Embedded-Drive_Train\Drivetrain\EWARM\Drivetrain\Obj\stm32f4xx_hal_dma_ex.o
#        C:\Users\John\Documents\Embedded\Projects\Embedded-Drive_Train\Drivetrain\EWARM\Drivetrain\Obj\stm32f4xx_hal_flash.o
#        C:\Users\John\Documents\Embedded\Projects\Embedded-Drive_Train\Drivetrain\EWARM\Drivetrain\Obj\stm32f4xx_hal_flash_ex.o
#        C:\Users\John\Documents\Embedded\Projects\Embedded-Drive_Train\Drivetrain\EWARM\Drivetrain\Obj\stm32f4xx_hal_flash_ramfunc.o
#        C:\Users\John\Documents\Embedded\Projects\Embedded-Drive_Train\Drivetrain\EWARM\Drivetrain\Obj\stm32f4xx_hal_gpio.o
#        C:\Users\John\Documents\Embedded\Projects\Embedded-Drive_Train\Drivetrain\EWARM\Drivetrain\Obj\stm32f4xx_hal_i2c.o
#        C:\Users\John\Documents\Embedded\Projects\Embedded-Drive_Train\Drivetrain\EWARM\Drivetrain\Obj\stm32f4xx_hal_i2c_ex.o
#        C:\Users\John\Documents\Embedded\Projects\Embedded-Drive_Train\Drivetrain\EWARM\Drivetrain\Obj\stm32f4xx_hal_msp.o
#        C:\Users\John\Documents\Embedded\Projects\Embedded-Drive_Train\Drivetrain\EWARM\Drivetrain\Obj\stm32f4xx_hal_pwr.o
#        C:\Users\John\Documents\Embedded\Projects\Embedded-Drive_Train\Drivetrain\EWARM\Drivetrain\Obj\stm32f4xx_hal_pwr_ex.o
#        C:\Users\John\Documents\Embedded\Projects\Embedded-Drive_Train\Drivetrain\EWARM\Drivetrain\Obj\stm32f4xx_hal_rcc.o
#        C:\Users\John\Documents\Embedded\Projects\Embedded-Drive_Train\Drivetrain\EWARM\Drivetrain\Obj\stm32f4xx_hal_rcc_ex.o
#        C:\Users\John\Documents\Embedded\Projects\Embedded-Drive_Train\Drivetrain\EWARM\Drivetrain\Obj\stm32f4xx_hal_tim.o
#        C:\Users\John\Documents\Embedded\Projects\Embedded-Drive_Train\Drivetrain\EWARM\Drivetrain\Obj\stm32f4xx_hal_tim_ex.o
#        C:\Users\John\Documents\Embedded\Projects\Embedded-Drive_Train\Drivetrain\EWARM\Drivetrain\Obj\stm32f4xx_hal_timebase_TIM.o
#        C:\Users\John\Documents\Embedded\Projects\Embedded-Drive_Train\Drivetrain\EWARM\Drivetrain\Obj\stm32f4xx_hal_uart.o
#        C:\Users\John\Documents\Embedded\Projects\Embedded-Drive_Train\Drivetrain\EWARM\Drivetrain\Obj\stm32f4xx_it.o
#        C:\Users\John\Documents\Embedded\Projects\Embedded-Drive_Train\Drivetrain\EWARM\Drivetrain\Obj\system_stm32f4xx.o
#        C:\Users\John\Documents\Embedded\Projects\Embedded-Drive_Train\Drivetrain\EWARM\Drivetrain\Obj\tim.o
#        C:\Users\John\Documents\Embedded\Projects\Embedded-Drive_Train\Drivetrain\EWARM\Drivetrain\Obj\timing.o
#        C:\Users\John\Documents\Embedded\Projects\Embedded-Drive_Train\Drivetrain\EWARM\Drivetrain\Obj\usart.o
#        --redirect _Printf=_PrintfFull --redirect _Scanf=_ScanfFull
#        --no_out_extension -o
#        C:\Users\John\Documents\Embedded\Projects\Embedded-Drive_Train\Drivetrain\EWARM\Drivetrain\Exe\Drivetrain.out
#        --map
#        C:\Users\John\Documents\Embedded\Projects\Embedded-Drive_Train\Drivetrain\EWARM\Drivetrain\List\Drivetrain.map
#        --config "C:\Program Files (x86)\IAR Systems\Embedded Workbench
#        8.2\arm\config\linker\ST\stm32f446xE.icf" --semihosting --entry
#        __iar_program_start --vfe --text_out locale)
#
###############################################################################

*******************************************************************************
*** RUNTIME MODEL ATTRIBUTES
***

CppFlavor       = *
__Heap_Handler  = Basic
__SystemLibrary = DLib
__dlib_version  = 6


*******************************************************************************
*** HEAP SELECTION
***

The basic heap was selected because some modules are built with
size limitations (and not runtime checking), and --advanced_heap
was not specified.


*******************************************************************************
*** PLACEMENT SUMMARY
***

"A0":  place at 0x800'0000 { ro section .intvec };
"P1":  place in [from 0x800'0000 to 0x807'ffff] { ro };
define block CSTACK with size = 8K, alignment = 8 { };
define block HEAP with size = 8K, alignment = 8 { };
"P3":  place in [from 0x2000'0000 to 0x2001'bfff] |
                [from 0x2001'c000 to 0x2001'ffff] {
          rw, block CSTACK, block HEAP };
initialize by copy { rw };

No sections matched the following patterns:

  ro section application_specific_ro  in "P2|P5"
  rw section application_specific_rw  in "P2|P5"
  section .backup_sram                in "P4"


  Section            Kind         Address    Size  Object
  -------            ----         -------    ----  ------
"A0":                                       0x1c4
  .intvec            ro code   0x800'0000   0x1c4  startup_stm32f446xx.o [1]
                             - 0x800'01c4   0x1c4

"P1":                                      0x606b
  .text              ro code   0x800'01c4   0xf46  xprintffull.o [2]
  .text              ro code   0x800'110a    0x3a  zero_init3.o [4]
  .text              ro code   0x800'1144    0x78  xlocale_c.o [2]
  .text              ro code   0x800'11bc    0x16  strchr.o [4]
  .text              ro code   0x800'11d2    0x1e  xencoding_8859_1.o [2]
  .text              ro code   0x800'11f0    0x40  xfail_s.o [2]
  .text              ro code   0x800'1230    0x36  strlen.o [4]
  .text              ro code   0x800'1268    0x58  memchr.o [4]
  .text              ro code   0x800'12c0     0xa  xmbcurmax.o [2]
  .text              ro code   0x800'12cc    0xa6  ABImemcpy.o [4]
  .text              ro code   0x800'1374   0x230  I64DivMod.o [4]
  .text              ro code   0x800'15a4   0x1a2  DblMul.o [3]
  .text              ro code   0x800'1748    0x70  frexp.o [3]
  .text              ro code   0x800'17b8    0x2e  DblCmpLe.o [3]
  .text              ro code   0x800'17e8    0x2e  DblCmpGe.o [3]
  .text              ro code   0x800'1818   0x13a  ldexp.o [3]
  .text              ro code   0x800'1954    0x3a  DblToS32.o [3]
  .text              ro code   0x800'1990    0x22  S32ToDbl.o [3]
  .text              ro code   0x800'19b4    0xe2  DblSub.o [3]
  .text              ro code   0x800'1a98   0x246  DblDiv.o [3]
  .text              ro code   0x800'1ce0    0x28  DblToU32.o [3]
  .text              ro code   0x800'1d08    0x1a  U32ToDbl.o [3]
  .text              ro code   0x800'1d22     0x6  abort.o [2]
  .text              ro code   0x800'1d28     0x2  I64DivZer.o [4]
  .text              ro code   0x800'1d2c   0x16a  DblAdd.o [3]
  .text              ro code   0x800'1e98    0x14  exit.o [5]
  .text              ro code   0x800'1eac    0x80  iarttio.o [5]
  .text              ro code   0x800'1f2c    0x3c  XShttio.o [2]
  .text              ro code   0x800'1f68   0xdb8  stm32f4xx_hal_i2c.o [1]
  .text              ro code   0x800'2d20    0xbc  i2c.o [1]
  .text              ro code   0x800'2ddc   0x1b8  stm32f4xx_hal_rcc.o [1]
  .text              ro code   0x800'2f94     0x2  stm32f4xx_hal_i2c.o [1]
  .text              ro code   0x800'2f96     0x2  stm32f4xx_hal_i2c.o [1]
  .text              ro code   0x800'2f98     0x2  stm32f4xx_hal_i2c.o [1]
  .text              ro code   0x800'2f9a     0x2  stm32f4xx_hal_i2c.o [1]
  .text              ro code   0x800'2f9c     0x2  stm32f4xx_hal_i2c.o [1]
  .text              ro code   0x800'2fa0    0x5c  application.o [1]
  .text              ro code   0x800'2ffc     0x2  stm32f4xx_hal_i2c.o [1]
  .text              ro code   0x800'2ffe     0x2  stm32f4xx_hal_i2c.o [1]
  .text              ro code   0x800'3000    0x26  stm32f4xx_hal_dma.o [1]
  .text              ro code   0x800'3026     0x2  stm32f4xx_hal_i2c.o [1]
  .text              ro code   0x800'3028     0x2  stm32f4xx_hal_i2c.o [1]
  .text              ro code   0x800'302c   0x11e  main.o [1]
  .text              ro code   0x800'314c   0x22c  stm32f4xx_hal_gpio.o [1]
  .text              ro code   0x800'3378   0x14a  stm32f4xx_hal_cortex.o [1]
  .text              ro code   0x800'34c4     0xc  stm32f4xx_hal.o [1]
  .text              ro code   0x800'34d0   0x478  stm32f4xx_hal_rcc_ex.o [1]
  .text              ro code   0x800'3948    0x84  stm32f4xx_hal_timebase_TIM.o [1]
  .text              ro code   0x800'39cc   0x434  motor_control.o [1]
  .text              ro code   0x800'3e00    0x18  i2c_slave.o [1]
  .text              ro code   0x800'3e18    0x34  stm32f4xx_hal.o [1]
  .text              ro code   0x800'3e4c   0x114  gpio.o [1]
  .text              ro code   0x800'3f60   0x514  tim.o [1]
  .text              ro code   0x800'4474    0x90  usart.o [1]
  .text              ro code   0x800'4504    0x50  crc.o [1]
  .text              ro code   0x800'4554    0x18  stm32f4xx_hal.o [1]
  .text              ro code   0x800'456c   0x738  stm32f4xx_hal_tim.o [1]
  .text              ro code   0x800'4ca4    0x3a  timing.o [1]
  .text              ro code   0x800'4ce0    0x48  FltToDbl.o [3]
  .text              ro code   0x800'4d28    0x28  printf.o [2]
  .text              ro code   0x800'4d50    0x66  ABImemset.o [4]
  .text              ro code   0x800'4db8    0x98  stm32f4xx_hal_msp.o [1]
  .text              ro code   0x800'4e50    0x58  stm32f4xx_hal_tim_ex.o [1]
  .text              ro code   0x800'4ea8   0x388  stm32f4xx_hal_uart.o [1]
  .text              ro code   0x800'5230    0x28  stm32f4xx_hal_crc.o [1]
  .text              ro code   0x800'5258     0x2  stm32f4xx_hal_tim.o [1]
  .text              ro code   0x800'525a     0x2  stm32f4xx_hal_tim.o [1]
  .text              ro code   0x800'525c     0x2  stm32f4xx_hal_tim.o [1]
  .text              ro code   0x800'525e     0x2  stm32f4xx_hal_tim_ex.o [1]
  .text              ro code   0x800'5260     0x2  stm32f4xx_hal_tim.o [1]
  .text              ro code   0x800'5262     0x2  stm32f4xx_hal_tim_ex.o [1]
  .text              ro code   0x800'5264   0x230  stm32f4xx_hal_can.o [1]
  .text              ro code   0x800'5494     0x2  stm32f4xx_hal_can.o [1]
  .text              ro code   0x800'5496     0x2  stm32f4xx_hal_can.o [1]
  .text              ro code   0x800'5498     0x2  stm32f4xx_hal_can.o [1]
  .text              ro code   0x800'549a     0x2  stm32f4xx_hal_can.o [1]
  .text              ro code   0x800'549c     0x2  stm32f4xx_hal_can.o [1]
  .text              ro code   0x800'549e     0x2  stm32f4xx_hal_can.o [1]
  .text              ro code   0x800'54a0     0x2  stm32f4xx_hal_can.o [1]
  .text              ro code   0x800'54a2     0x2  stm32f4xx_hal_can.o [1]
  .text              ro code   0x800'54a4     0x2  stm32f4xx_hal_can.o [1]
  .text              ro code   0x800'54a6     0x2  stm32f4xx_hal_can.o [1]
  .text              ro code   0x800'54a8     0x2  stm32f4xx_hal_can.o [1]
  .text              ro code   0x800'54aa     0x2  stm32f4xx_hal_can.o [1]
  .text              ro code   0x800'54ac     0x2  stm32f4xx_hal_can.o [1]
  .text              ro code   0x800'54b0   0x140  heap0.o [2]
  .text              ro code   0x800'55f0    0x2c  xgetmemchunk.o [2]
  .text              ro code   0x800'561c    0xd8  xfspos.o [2]
  .text              ro code   0x800'56f4    0xac  fflush.o [2]
  .text              ro code   0x800'57a0     0xc  xfgpos.o [2]
  .text              ro code   0x800'57ac    0x4a  lseek.o [5]
  .text              ro code   0x800'57f6    0x10  write.o [5]
  .text              ro code   0x800'5808    0xcc  XShHandles.o [2]
  .text              ro code   0x800'58d4    0x1e  dwrite.o [5]
  .text              ro code   0x800'58f2    0x20  iarwstd.o [5]
  .text              ro code   0x800'5912    0x22  iarwrite.o [5]
  .text              ro code   0x800'5934    0xb4  xfwprep.o [2]
  .text              ro code   0x800'59e8    0x24  fseek.o [2]
  .text              ro code   0x800'5a0c    0x9c  packbits_init.o [4]
  .text              ro code   0x800'5aa8    0x8c  xfofind.o [2]
  .text              ro code   0x800'5b34     0x4  heaptramp0.o [2]
  .text              ro code   0x800'5b38    0x7e  fclose.o [2]
  .text              ro code   0x800'5bb6    0x18  close.o [5]
  .text              ro code   0x800'5bce    0x14  remove.o [5]
  .text              ro code   0x800'5be4    0x7c  stm32f4xx_it.o [1]
  .text              ro code   0x800'5c60    0x60  system_stm32f4xx.o [1]
  .text              ro code   0x800'5cc0    0x54  fputc.o [2]
  .rodata            const     0x800'5d14    0x4c  crc.o [1]
  .rodata            const     0x800'5d60    0x4c  i2c.o [1]
  .rodata            const     0x800'5dac    0x4c  main.o [1]
  .rodata            const     0x800'5df8    0x4c  tim.o [1]
  .rodata            const     0x800'5e44    0x4c  usart.o [1]
  .text              ro code   0x800'5e90    0x3c  xcloseall.o [2]
  .text              ro code   0x800'5ecc    0x28  data_init.o [4]
  .text              ro code   0x800'5ef4    0x22  fpinit_M.o [3]
  .iar.init_table    const     0x800'5f18    0x2c  - Linker created -
  .rodata            const     0x800'5f44    0x20  motor_control.o [1]
  .text              ro code   0x800'5f64    0x1e  cmain.o [4]
  .text              ro code   0x800'5f82     0x4  low_level_init.o [2]
  .text              ro code   0x800'5f86     0x4  exit.o [2]
  .text              ro code   0x800'5f8c     0xe  cexit.o [4]
  .text              ro code   0x800'5f9a    0x16  xprout.o [2]
  .text              ro code   0x800'5fb0     0xc  putchar.o [2]
  .rodata            const     0x800'5fbc    0x10  system_stm32f4xx.o [1]
  .text              ro code   0x800'5fcc    0x10  startup_stm32f446xx.o [1]
  .text              ro code   0x800'5fdc     0xc  cstartup_M.o [4]
  .rodata            const     0x800'5fe8     0x8  system_stm32f4xx.o [1]
  .rodata            const     0x800'5ff0     0x6  xlocale_c.o [2]
  .text              ro code   0x800'5ff6     0x4  startup_stm32f446xx.o [1]
  .text              ro code   0x800'5ffa     0x4  startup_stm32f446xx.o [1]
  .text              ro code   0x800'5ffe     0x4  startup_stm32f446xx.o [1]
  .text              ro code   0x800'6002     0x4  startup_stm32f446xx.o [1]
  .text              ro code   0x800'6006     0x4  startup_stm32f446xx.o [1]
  .text              ro code   0x800'600a     0x4  startup_stm32f446xx.o [1]
  .text              ro code   0x800'600e     0x4  startup_stm32f446xx.o [1]
  .text              ro code   0x800'6012     0x4  startup_stm32f446xx.o [1]
  .text              ro code   0x800'6016     0x4  startup_stm32f446xx.o [1]
  .text              ro code   0x800'601a     0x4  startup_stm32f446xx.o [1]
  .text              ro code   0x800'601e     0x4  startup_stm32f446xx.o [1]
  .text              ro code   0x800'6022     0x4  startup_stm32f446xx.o [1]
  .text              ro code   0x800'6026     0x4  startup_stm32f446xx.o [1]
  .text              ro code   0x800'602a     0x4  startup_stm32f446xx.o [1]
  .text              ro code   0x800'602e     0x4  startup_stm32f446xx.o [1]
  .text              ro code   0x800'6032     0x4  startup_stm32f446xx.o [1]
  .text              ro code   0x800'6036     0x4  startup_stm32f446xx.o [1]
  .text              ro code   0x800'603a     0x4  startup_stm32f446xx.o [1]
  .text              ro code   0x800'603e     0x4  startup_stm32f446xx.o [1]
  .text              ro code   0x800'6042     0x4  startup_stm32f446xx.o [1]
  .text              ro code   0x800'6046     0x4  startup_stm32f446xx.o [1]
  .text              ro code   0x800'604a     0x4  startup_stm32f446xx.o [1]
  .text              ro code   0x800'604e     0x4  startup_stm32f446xx.o [1]
  .text              ro code   0x800'6052     0x4  startup_stm32f446xx.o [1]
  .text              ro code   0x800'6056     0x4  startup_stm32f446xx.o [1]
  .text              ro code   0x800'605a     0x4  startup_stm32f446xx.o [1]
  .text              ro code   0x800'605e     0x4  startup_stm32f446xx.o [1]
  .text              ro code   0x800'6062     0x4  startup_stm32f446xx.o [1]
  .text              ro code   0x800'6066     0x4  startup_stm32f446xx.o [1]
  .text              ro code   0x800'606a     0x4  startup_stm32f446xx.o [1]
  .text              ro code   0x800'606e     0x4  startup_stm32f446xx.o [1]
  .text              ro code   0x800'6072     0x4  startup_stm32f446xx.o [1]
  .text              ro code   0x800'6076     0x4  startup_stm32f446xx.o [1]
  .text              ro code   0x800'607a     0x4  startup_stm32f446xx.o [1]
  .text              ro code   0x800'607e     0x4  startup_stm32f446xx.o [1]
  .text              ro code   0x800'6082     0x4  startup_stm32f446xx.o [1]
  .text              ro code   0x800'6086     0x4  startup_stm32f446xx.o [1]
  .text              ro code   0x800'608a     0x4  startup_stm32f446xx.o [1]
  .text              ro code   0x800'608e     0x4  startup_stm32f446xx.o [1]
  .text              ro code   0x800'6092     0x4  startup_stm32f446xx.o [1]
  .text              ro code   0x800'6096     0x4  startup_stm32f446xx.o [1]
  .text              ro code   0x800'609a     0x4  startup_stm32f446xx.o [1]
  .text              ro code   0x800'609e     0x4  startup_stm32f446xx.o [1]
  .text              ro code   0x800'60a2     0x4  startup_stm32f446xx.o [1]
  .text              ro code   0x800'60a6     0x4  startup_stm32f446xx.o [1]
  .text              ro code   0x800'60aa     0x4  startup_stm32f446xx.o [1]
  .text              ro code   0x800'60ae     0x4  startup_stm32f446xx.o [1]
  .text              ro code   0x800'60b2     0x4  startup_stm32f446xx.o [1]
  .text              ro code   0x800'60b6     0x4  startup_stm32f446xx.o [1]
  .text              ro code   0x800'60ba     0x4  startup_stm32f446xx.o [1]
  .text              ro code   0x800'60be     0x4  startup_stm32f446xx.o [1]
  .text              ro code   0x800'60c2     0x4  startup_stm32f446xx.o [1]
  .text              ro code   0x800'60c6     0x4  startup_stm32f446xx.o [1]
  .text              ro code   0x800'60ca     0x4  startup_stm32f446xx.o [1]
  .text              ro code   0x800'60ce     0x4  startup_stm32f446xx.o [1]
  .text              ro code   0x800'60d2     0x4  startup_stm32f446xx.o [1]
  .text              ro code   0x800'60d6     0x4  startup_stm32f446xx.o [1]
  .text              ro code   0x800'60da     0x4  startup_stm32f446xx.o [1]
  .text              ro code   0x800'60de     0x4  startup_stm32f446xx.o [1]
  .text              ro code   0x800'60e2     0x4  startup_stm32f446xx.o [1]
  .text              ro code   0x800'60e6     0x4  startup_stm32f446xx.o [1]
  .text              ro code   0x800'60ea     0x4  startup_stm32f446xx.o [1]
  .text              ro code   0x800'60ee     0x4  startup_stm32f446xx.o [1]
  .text              ro code   0x800'60f2     0x4  startup_stm32f446xx.o [1]
  .text              ro code   0x800'60f6     0x4  startup_stm32f446xx.o [1]
  .text              ro code   0x800'60fa     0x4  startup_stm32f446xx.o [1]
  .text              ro code   0x800'60fe     0x4  startup_stm32f446xx.o [1]
  .text              ro code   0x800'6102     0x4  startup_stm32f446xx.o [1]
  .text              ro code   0x800'6106     0x4  startup_stm32f446xx.o [1]
  .text              ro code   0x800'610a     0x4  startup_stm32f446xx.o [1]
  .text              ro code   0x800'610e     0x4  startup_stm32f446xx.o [1]
  .text              ro code   0x800'6112     0x4  startup_stm32f446xx.o [1]
  .text              ro code   0x800'6116     0x4  startup_stm32f446xx.o [1]
  .text              ro code   0x800'611a     0x4  startup_stm32f446xx.o [1]
  .text              ro code   0x800'611e     0x4  startup_stm32f446xx.o [1]
  .text              ro code   0x800'6122     0x4  startup_stm32f446xx.o [1]
  .text              ro code   0x800'6126     0x4  startup_stm32f446xx.o [1]
  .text              ro code   0x800'612a     0x4  startup_stm32f446xx.o [1]
  .text              ro code   0x800'612e     0x4  startup_stm32f446xx.o [1]
  .text              ro code   0x800'6132     0x4  startup_stm32f446xx.o [1]
  .text              ro code   0x800'6136     0x4  startup_stm32f446xx.o [1]
  .text              ro code   0x800'613a     0x4  startup_stm32f446xx.o [1]
  .text              ro code   0x800'613e     0x4  startup_stm32f446xx.o [1]
  .text              ro code   0x800'6142     0x4  startup_stm32f446xx.o [1]
  .text              ro code   0x800'6146     0x4  startup_stm32f446xx.o [1]
  .text              ro code   0x800'614c     0x0  cstart_closeall.o [4]
  .rodata            const     0x800'614c     0x0  zero_init3.o [4]
  .rodata            const     0x800'614c     0x0  packbits_init.o [4]
  Initializer bytes  const     0x800'614c    0xe3  <for P3 s0>
                             - 0x800'622f  0x606b

"P3", part 1 of 3:                          0x188
  P3 s0                       0x2000'0000   0x188  <Init block>
    .data            inited   0x2000'0000    0x48  xlocale_c.o [2]
    .data            inited   0x2000'0048    0x48  xfiles.o [2]
    .data            inited   0x2000'0090    0x48  xfiles.o [2]
    .data            inited   0x2000'00d8    0x48  xfiles.o [2]
    .data            inited   0x2000'0120    0x38  xlocale_c.o [2]
    .data            inited   0x2000'0158    0x20  xfiles.o [2]
    .data            inited   0x2000'0178     0x8  XShttio.o [2]
    .data            inited   0x2000'0180     0x4  system_stm32f4xx.o [1]
    .data            inited   0x2000'0184     0x2  motor_control.o [1]
    .data            inited   0x2000'0186     0x1  motor_control.o [1]
    .data            inited   0x2000'0187     0x1  stm32f4xx_hal.o [1]
                            - 0x2000'0188   0x188

"P3", part 2 of 3:                          0x478
  .bss               zero     0x2000'0188    0xb0  motor_control.o [1]
  .bss               zero     0x2000'0238    0x80  XShHandles.o [2]
  .bss               zero     0x2000'02b8    0x54  i2c.o [1]
  .bss               zero     0x2000'030c    0x50  xfiles.o [2]
  .bss               zero     0x2000'035c    0x50  xfiles.o [2]
  .bss               zero     0x2000'03ac    0x40  usart.o [1]
  .bss               zero     0x2000'03ec    0x3c  stm32f4xx_hal_timebase_TIM.o [1]
  .bss               zero     0x2000'0428    0x3c  tim.o [1]
  .bss               zero     0x2000'0464    0x3c  tim.o [1]
  .bss               zero     0x2000'04a0    0x3c  tim.o [1]
  .bss               zero     0x2000'04dc    0x3c  tim.o [1]
  .bss               zero     0x2000'0518    0x3c  tim.o [1]
  .bss               zero     0x2000'0554    0x3c  tim.o [1]
  .bss               zero     0x2000'0590    0x28  can.o [1]
  .bss               zero     0x2000'05b8    0x20  i2c_slave.o [1]
  .bss               zero     0x2000'05d8     0x8  crc.o [1]
  .bss               zero     0x2000'05e0     0x8  motor_control.o [1]
  .bss               zero     0x2000'05e8     0x8  heap0.o [2]
  .bss               zero     0x2000'05f0     0x4  stm32f4xx_hal.o [1]
  .bss               zero     0x2000'05f4     0x4  xfail_s.o [2]
  .bss               zero     0x2000'05f8     0x4  xgetmemchunk.o [2]
  .bss               zero     0x2000'05fc     0x1  motor_control.o [1]
  .bss               zero     0x2000'05fd     0x1  XShttio.o [2]
                            - 0x2000'05fe   0x476

"P3", part 3 of 3:                         0x4000
  CSTACK                      0x2000'0600  0x2000  <Block>
    CSTACK           uninit   0x2000'0600  0x2000  <Block tail>
  HEAP                        0x2000'2600  0x2000  <Block>
    HEAP             uninit   0x2000'2600  0x2000  <Block tail>
                            - 0x2000'4600  0x4000

Unused ranges:

         From           To      Size
         ----           --      ----
   0x800'622f   0x807'ffff  0x7'9dd1
  0x2000'4600  0x2001'bfff  0x1'7a00
  0x2001'c000  0x2001'ffff    0x4000


*******************************************************************************
*** INIT TABLE
***

          Address      Size
          -------      ----
Zero (__iar_zero_init3)
    1 destination range, total size 0x476:
          0x2000'0188  0x476

Copy/packbits (__iar_packbits_init3)
    1 source range, total size 0xe3 (57% of destination):
           0x800'614c   0xe3
    1 destination range, total size 0x188:
          0x2000'0000  0x188



*******************************************************************************
*** MODULE SUMMARY
***

    Module                        ro code  ro data  rw data
    ------                        -------  -------  -------
command line/config:
    -------------------------------------------------------
    Total:

C:\Users\John\Documents\Embedded\Projects\Embedded-Drive_Train\Drivetrain\EWARM\Drivetrain\Obj: [1]
    application.o                      92
    can.o                                                40
    crc.o                              80       76        8
    gpio.o                            276
    i2c.o                             188       76       84
    i2c_slave.o                        24                32
    main.o                            286       76
    motor_control.o                 1 076       34      188
    startup_stm32f446xx.o             808
    stm32f4xx_hal.o                    88        1        5
    stm32f4xx_hal_can.o               586
    stm32f4xx_hal_cortex.o            330
    stm32f4xx_hal_crc.o                40
    stm32f4xx_hal_dma.o                38
    stm32f4xx_hal_gpio.o              556
    stm32f4xx_hal_i2c.o             3 530
    stm32f4xx_hal_msp.o               152
    stm32f4xx_hal_rcc.o               440
    stm32f4xx_hal_rcc_ex.o          1 144
    stm32f4xx_hal_tim.o             1 856
    stm32f4xx_hal_tim_ex.o             92
    stm32f4xx_hal_timebase_TIM.o      132                60
    stm32f4xx_hal_uart.o              904
    stm32f4xx_it.o                    124
    system_stm32f4xx.o                 96       26        4
    tim.o                           1 300       76      360
    timing.o                           58
    usart.o                           144       76       64
    -------------------------------------------------------
    Total:                         14 440      441      845

dl7M_tlf.a: [2]
    XShHandles.o                      204               128
    XShttio.o                          60        5        9
    abort.o                             6
    exit.o                              4
    fclose.o                          126
    fflush.o                          172
    fputc.o                            84
    fseek.o                            36
    heap0.o                           320                 8
    heaptramp0.o                        4
    low_level_init.o                    4
    printf.o                           40
    putchar.o                          12
    xcloseall.o                        60
    xencoding_8859_1.o                 30
    xfail_s.o                          64                 4
    xfgpos.o                           12
    xfiles.o                                   143      408
    xfofind.o                         140
    xfspos.o                          216
    xfwprep.o                         180
    xgetmemchunk.o                     44                 4
    xlocale_c.o                       120       80      128
    xmbcurmax.o                        10
    xprintffull.o                   3 910
    xprout.o                           22
    -------------------------------------------------------
    Total:                          5 880      228      689

m7M_tls.a: [3]
    DblAdd.o                          362
    DblCmpGe.o                         46
    DblCmpLe.o                         46
    DblDiv.o                          582
    DblMul.o                          418
    DblSub.o                          226
    DblToS32.o                         58
    DblToU32.o                         40
    FltToDbl.o                         72
    S32ToDbl.o                         34
    U32ToDbl.o                         26
    fpinit_M.o                         34
    frexp.o                           112
    ldexp.o                           314
    -------------------------------------------------------
    Total:                          2 370

rt7M_tl.a: [4]
    ABImemcpy.o                       166
    ABImemset.o                       102
    I64DivMod.o                       560
    I64DivZer.o                         2
    cexit.o                            14
    cmain.o                            30
    cstart_closeall.o
    cstartup_M.o                       12
    data_init.o                        40
    memchr.o                           88
    packbits_init.o                   156
    strchr.o                           22
    strlen.o                           54
    zero_init3.o                       58
    -------------------------------------------------------
    Total:                          1 304

shb_l.a: [5]
    close.o                            24
    dwrite.o                           30
    exit.o                             20
    iarttio.o                         128
    iarwrite.o                         34
    iarwstd.o                          32
    lseek.o                            74
    remove.o                           20
    write.o                            16
    -------------------------------------------------------
    Total:                            378

    Gaps                               48        2
    Linker created                              44   16 384
-----------------------------------------------------------
    Grand Total:                   24 420      715   17 918


*******************************************************************************
*** ENTRY LIST
***

Entry                       Address   Size  Type      Object
-----                       -------   ----  ----      ------
.iar.init_table$$Base    0x800'5f18          --   Gb  - Linker created -
.iar.init_table$$Limit   0x800'5f44          --   Gb  - Linker created -
?main                    0x800'5f65         Code  Gb  cmain.o [4]
AHBPrescTable            0x800'5fbc   0x10  Data  Gb  system_stm32f4xx.o [1]
APBPrescTable            0x800'5fe8    0x8  Data  Gb  system_stm32f4xx.o [1]
Aldata                  0x2000'05e8    0x8  Data  Lc  heap0.o [2]
CAN1_RX0_IRQHandler      0x800'5bf7    0xa  Code  Gb  stm32f4xx_it.o [1]
CAN1_RX1_IRQHandler      0x800'5c01    0xa  Code  Gb  stm32f4xx_it.o [1]
CAN1_SCE_IRQHandler      0x800'5c0b    0xa  Code  Gb  stm32f4xx_it.o [1]
CAN1_TX_IRQHandler       0x800'5bed    0xa  Code  Gb  stm32f4xx_it.o [1]
CSTACK$$Base            0x2000'0600          --   Gb  - Linker created -
CSTACK$$Limit           0x2000'2600          --   Gb  - Linker created -
CacheMore                0x800'1149   0x24  Code  Lc  xlocale_c.o [2]
HAL_CAN_IRQHandler       0x800'5265  0x230  Code  Gb  stm32f4xx_hal_can.o [1]
HAL_CRC_Init             0x800'5231   0x28  Code  Gb  stm32f4xx_hal_crc.o [1]
HAL_CRC_MspInit          0x800'451f   0x26  Code  Gb  crc.o [1]
HAL_DMA_Abort_IT         0x800'3001   0x26  Code  Gb  stm32f4xx_hal_dma.o [1]
HAL_GPIO_Init            0x800'314d  0x1d2  Code  Gb  stm32f4xx_hal_gpio.o [1]
HAL_GPIO_ReadPin         0x800'331f   0x12  Code  Gb  stm32f4xx_hal_gpio.o [1]
HAL_GPIO_WritePin        0x800'3331   0x14  Code  Gb  stm32f4xx_hal_gpio.o [1]
HAL_GetTick              0x800'34c5    0xc  Code  Wk  stm32f4xx_hal.o [1]
HAL_I2C_ER_IRQHandler    0x800'21d9   0xcc  Code  Gb  stm32f4xx_hal_i2c.o [1]
HAL_I2C_EV_IRQHandler    0x800'2091  0x146  Code  Gb  stm32f4xx_hal_i2c.o [1]
HAL_I2C_Init             0x800'1f69  0x120  Code  Gb  stm32f4xx_hal_i2c.o [1]
HAL_I2C_MspInit          0x800'2d5d   0x66  Code  Gb  i2c.o [1]
HAL_I2C_SlaveRxCpltCallback
                         0x800'2fe9   0x10  Code  Gb  application.o [1]
HAL_IncTick              0x800'4555   0x18  Code  Wk  stm32f4xx_hal.o [1]
HAL_Init                 0x800'3e19   0x30  Code  Gb  stm32f4xx_hal.o [1]
HAL_InitTick             0x800'3949   0x72  Code  Gb  stm32f4xx_hal_timebase_TIM.o [1]
HAL_MspInit              0x800'4db9   0x98  Code  Gb  stm32f4xx_hal_msp.o [1]
HAL_NVIC_EnableIRQ       0x800'3469    0xa  Code  Gb  stm32f4xx_hal_cortex.o [1]
HAL_NVIC_SetPriority     0x800'3447   0x22  Code  Gb  stm32f4xx_hal_cortex.o [1]
HAL_NVIC_SetPriorityGrouping
                         0x800'343f    0x8  Code  Gb  stm32f4xx_hal_cortex.o [1]
HAL_RCC_ClockConfig      0x800'2ddd  0x138  Code  Gb  stm32f4xx_hal_rcc.o [1]
HAL_RCC_GetClockConfig   0x800'2f47   0x34  Code  Gb  stm32f4xx_hal_rcc.o [1]
HAL_RCC_GetHCLKFreq      0x800'2f15    0x6  Code  Gb  stm32f4xx_hal_rcc.o [1]
HAL_RCC_GetPCLK1Freq     0x800'2f1b   0x16  Code  Gb  stm32f4xx_hal_rcc.o [1]
HAL_RCC_GetPCLK2Freq     0x800'2f31   0x16  Code  Gb  stm32f4xx_hal_rcc.o [1]
HAL_RCC_GetSysClockFreq
                         0x800'34d1   0xc8  Code  Gb  stm32f4xx_hal_rcc_ex.o [1]
HAL_RCC_OscConfig        0x800'359d  0x37c  Code  Gb  stm32f4xx_hal_rcc_ex.o [1]
HAL_SYSTICK_CLKSourceConfig
                         0x800'347b   0x1c  Code  Gb  stm32f4xx_hal_cortex.o [1]
HAL_SYSTICK_Config       0x800'3473    0x8  Code  Gb  stm32f4xx_hal_cortex.o [1]
HAL_SYSTICK_IRQHandler   0x800'34b9    0x8  Code  Gb  stm32f4xx_hal_cortex.o [1]
HAL_TIMEx_BreakCallback
                         0x800'525f    0x2  Code  Wk  stm32f4xx_hal_tim_ex.o [1]
HAL_TIMEx_CommutationCallback
                         0x800'5263    0x2  Code  Wk  stm32f4xx_hal_tim_ex.o [1]
HAL_TIMEx_MasterConfigSynchronization
                         0x800'4e51   0x58  Code  Gb  stm32f4xx_hal_tim_ex.o [1]
HAL_TIM_Base_Init        0x800'456d   0x38  Code  Gb  stm32f4xx_hal_tim.o [1]
HAL_TIM_Base_MspInit     0x800'43bf   0x26  Code  Gb  tim.o [1]
HAL_TIM_Base_Start_IT    0x800'45a5   0x1c  Code  Gb  stm32f4xx_hal_tim.o [1]
HAL_TIM_Encoder_Init     0x800'4649   0xac  Code  Gb  stm32f4xx_hal_tim.o [1]
HAL_TIM_Encoder_MspInit
                         0x800'4269  0x130  Code  Gb  tim.o [1]
HAL_TIM_Encoder_Start    0x800'46f5   0x4a  Code  Gb  stm32f4xx_hal_tim.o [1]
HAL_TIM_IRQHandler       0x800'473f  0x176  Code  Gb  stm32f4xx_hal_tim.o [1]
HAL_TIM_MspPostInit      0x800'43e5   0x4a  Code  Gb  tim.o [1]
HAL_TIM_PWM_ConfigChannel
                         0x800'48b5   0xfc  Code  Gb  stm32f4xx_hal_tim.o [1]
HAL_TIM_PWM_Init         0x800'45c1   0x38  Code  Gb  stm32f4xx_hal_tim.o [1]
HAL_TIM_PWM_MspInit      0x800'4399   0x26  Code  Gb  tim.o [1]
HAL_TIM_PWM_Start        0x800'45f9   0x48  Code  Gb  stm32f4xx_hal_tim.o [1]
HAL_TIM_PeriodElapsedCallback
                         0x800'3129   0x10  Code  Gb  main.o [1]
HAL_UART_Init            0x800'4ea9   0x76  Code  Gb  stm32f4xx_hal_uart.o [1]
HAL_UART_MspInit         0x800'44ad   0x44  Code  Gb  usart.o [1]
HEAP$$Base              0x2000'2600          --   Gb  - Linker created -
HEAP$$Limit             0x2000'4600          --   Gb  - Linker created -
I2C1_ER_IRQHandler       0x800'5c2f    0xa  Code  Gb  stm32f4xx_it.o [1]
I2C1_EV_IRQHandler       0x800'5c25    0xa  Code  Gb  stm32f4xx_it.o [1]
I2C_DMAAbort             0x800'2cb9   0x68  Code  Lc  stm32f4xx_hal_i2c.o [1]
I2C_ITError              0x800'2b43  0x156  Code  Lc  stm32f4xx_hal_i2c.o [1]
I2C_MasterReceive_BTF    0x800'2523  0x100  Code  Lc  stm32f4xx_hal_i2c.o [1]
I2C_MasterReceive_RXNE   0x800'248d   0x96  Code  Lc  stm32f4xx_hal_i2c.o [1]
I2C_MasterTransmit_BTF   0x800'23eb   0x9c  Code  Lc  stm32f4xx_hal_i2c.o [1]
I2C_MasterTransmit_TXE   0x800'22a5  0x146  Code  Lc  stm32f4xx_hal_i2c.o [1]
I2C_Master_ADD10         0x800'26af    0xc  Code  Lc  stm32f4xx_hal_i2c.o [1]
I2C_Master_ADDR          0x800'26bb  0x202  Code  Lc  stm32f4xx_hal_i2c.o [1]
I2C_Master_SB            0x800'2623   0x8c  Code  Lc  stm32f4xx_hal_i2c.o [1]
I2C_SlaveReceive_BTF     0x800'2969   0x1c  Code  Lc  stm32f4xx_hal_i2c.o [1]
I2C_SlaveReceive_RXNE    0x800'2923   0x46  Code  Lc  stm32f4xx_hal_i2c.o [1]
I2C_SlaveTransmit_BTF    0x800'2907   0x1c  Code  Lc  stm32f4xx_hal_i2c.o [1]
I2C_SlaveTransmit_TXE    0x800'28c1   0x46  Code  Lc  stm32f4xx_hal_i2c.o [1]
I2C_Slave_ADDR           0x800'2985   0x2a  Code  Lc  stm32f4xx_hal_i2c.o [1]
I2C_Slave_AF             0x800'2aa7   0x9c  Code  Lc  stm32f4xx_hal_i2c.o [1]
I2C_Slave_STOPF          0x800'29af   0xf8  Code  Lc  stm32f4xx_hal_i2c.o [1]
LoadInt                  0x800'0387   0x7a  Code  Lc  xprintffull.o [2]
MX_CRC_Init              0x800'4505   0x1a  Code  Gb  crc.o [1]
MX_GPIO_Init             0x800'3e4d  0x114  Code  Gb  gpio.o [1]
MX_I2C1_Init             0x800'2d21   0x3c  Code  Gb  i2c.o [1]
MX_TIM1_Init             0x800'3f61   0x80  Code  Gb  tim.o [1]
MX_TIM2_Init             0x800'3fe1   0xcc  Code  Gb  tim.o [1]
MX_TIM3_Init             0x800'40ad   0x7c  Code  Gb  tim.o [1]
MX_TIM4_Init             0x800'4129   0x7c  Code  Gb  tim.o [1]
MX_TIM6_Init             0x800'41a5   0x4a  Code  Gb  tim.o [1]
MX_TIM8_Init             0x800'41ef   0x7a  Code  Gb  tim.o [1]
MX_USART2_UART_Init      0x800'4475   0x38  Code  Gb  usart.o [1]
NVIC_EnableIRQ           0x800'339d   0x14  Code  Lc  stm32f4xx_hal_cortex.o [1]
NVIC_EncodePriority      0x800'33d5   0x3c  Code  Lc  stm32f4xx_hal_cortex.o [1]
NVIC_GetPriorityGrouping
                         0x800'3393    0xa  Code  Lc  stm32f4xx_hal_cortex.o [1]
NVIC_SetPriority         0x800'33b1   0x24  Code  Lc  stm32f4xx_hal_cortex.o [1]
NVIC_SetPriorityGrouping
                         0x800'3379   0x1a  Code  Lc  stm32f4xx_hal_cortex.o [1]
Region$$Table$$Base      0x800'5f18          --   Gb  - Linker created -
Region$$Table$$Limit     0x800'5f44          --   Gb  - Linker created -
SysTick_Config           0x800'3411   0x2e  Code  Lc  stm32f4xx_hal_cortex.o [1]
SysTick_Handler          0x800'5be5    0x8  Code  Gb  stm32f4xx_it.o [1]
SystemClock_Config       0x800'3065   0xc4  Code  Gb  main.o [1]
SystemCoreClock         0x2000'0180    0x4  Data  Gb  system_stm32f4xx.o [1]
SystemInit               0x800'5c61   0x40  Code  Gb  system_stm32f4xx.o [1]
TIM1_UP_TIM10_IRQHandler
                         0x800'5c15   0x10  Code  Gb  stm32f4xx_it.o [1]
TIM8_TRG_COM_TIM14_IRQHandler
                         0x800'5c43    0xa  Code  Gb  stm32f4xx_it.o [1]
TIM8_UP_TIM13_IRQHandler
                         0x800'5c39    0xa  Code  Gb  stm32f4xx_it.o [1]
TIM_Base_SetConfig       0x800'49bd   0xe4  Code  Gb  stm32f4xx_hal_tim.o [1]
TIM_CCxChannelCmd        0x800'4b17   0x1e  Code  Gb  stm32f4xx_hal_tim.o [1]
TIM_OC1_SetConfig        0x800'4b37   0x6c  Code  Lc  stm32f4xx_hal_tim.o [1]
TIM_OC2_SetConfig        0x800'4aa1   0x76  Code  Gb  stm32f4xx_hal_tim.o [1]
TIM_OC3_SetConfig        0x800'4ba3   0x74  Code  Lc  stm32f4xx_hal_tim.o [1]
TIM_OC4_SetConfig        0x800'4c17   0x5e  Code  Lc  stm32f4xx_hal_tim.o [1]
UART_SetConfig           0x800'4f1f  0x304  Code  Lc  stm32f4xx_hal_uart.o [1]
_Close_all               0x800'5e91   0x3c  Code  Gb  xcloseall.o [2]
_Encoding_8859_1_Mbrlen
                         0x800'11e5    0x2  Code  Gb  xencoding_8859_1.o [2]
_Encoding_8859_1_Wctomb
                         0x800'11d3   0x12  Code  Gb  xencoding_8859_1.o [2]
_Error_Handler           0x800'3149    0x2  Code  Gb  main.o [1]
_Files                  0x2000'0158   0x20  Data  Gb  xfiles.o [2]
_Fofree                  0x800'5aa9   0x86  Code  Gb  xfofind.o [2]
_Fspos                   0x800'561d   0xd8  Code  Gb  xfspos.o [2]
_Fwprep                  0x800'5935   0xb4  Code  Gb  xfwprep.o [2]
_GenldFull               0x800'0de5  0x274  Code  Lc  xprintffull.o [2]
_LdtobFull               0x800'09e1  0x3d6  Code  Lc  xprintffull.o [2]
_LitobFull               0x800'0891  0x10a  Code  Lc  xprintffull.o [2]
_Locale_lconv           0x2000'0120   0x38  Data  Lc  xlocale_c.o [2]
_Nnl                     0x800'57a1    0xc  Code  Gb  xfgpos.o [2]
_PrintfFull              0x800'01c5  0x1aa  Code  Gb  xprintffull.o [2]
_Prout                   0x800'5f9b   0x16  Code  Gb  xprout.o [2]
_PutcharsFull            0x800'1059   0x2e  Code  Lc  xprintffull.o [2]
_PutfldFull              0x800'0401  0x2d4  Code  Lc  xprintffull.o [2]
_PutstrFull              0x800'07cb   0xc6  Code  Lc  xprintffull.o [2]
_PuttxtFull              0x800'06d5   0xf6  Code  Lc  xprintffull.o [2]
__aeabi_cdcmple          0x800'17b9         Code  Gb  DblCmpLe.o [3]
__aeabi_cdrcmple         0x800'17e9         Code  Gb  DblCmpGe.o [3]
__aeabi_d2iz             0x800'1955         Code  Gb  DblToS32.o [3]
__aeabi_d2uiz            0x800'1ce1         Code  Gb  DblToU32.o [3]
__aeabi_ddiv             0x800'1a99         Code  Gb  DblDiv.o [3]
__aeabi_dmul             0x800'15a5         Code  Gb  DblMul.o [3]
__aeabi_dsub             0x800'19b5         Code  Gb  DblSub.o [3]
__aeabi_f2d              0x800'4ce1         Code  Gb  FltToDbl.o [3]
__aeabi_i2d              0x800'1991         Code  Gb  S32ToDbl.o [3]
__aeabi_ldiv0            0x800'1d29         Code  Gb  I64DivZer.o [4]
__aeabi_memcpy           0x800'12cd         Code  Gb  ABImemcpy.o [4]
__aeabi_memcpy4          0x800'12ed         Code  Gb  ABImemcpy.o [4]
__aeabi_memcpy8          0x800'12ed         Code  Gb  ABImemcpy.o [4]
__aeabi_memset           0x800'4d51         Code  Gb  ABImemset.o [4]
__aeabi_ui2d             0x800'1d09         Code  Gb  U32ToDbl.o [3]
__aeabi_uldivmod         0x800'1375         Code  Gb  I64DivMod.o [4]
__basic_free             0x800'555d   0x16  Code  Gb  heap0.o [2]
__basic_free_intern      0x800'5573   0x7a  Code  Lc  heap0.o [2]
__basic_malloc           0x800'54b1   0x18  Code  Gb  heap0.o [2]
__basic_malloc_intern    0x800'54c9   0x94  Code  Lc  heap0.o [2]
__cexit_closeall         0x800'5f8f         Code  Gb  cexit.o [4]
__close                  0x800'5bb7   0x18  Code  Gb  close.o [5]
__cmain                  0x800'5f65         Code  Gb  cmain.o [4]
__cstart_closeall        0x800'614c         Data  Gb  cstart_closeall.o [4]
__data_GetMemChunk       0x800'55f1   0x2c  Code  Gb  xgetmemchunk.o [2]
__data_GetMemChunk::start
                        0x2000'05f8    0x4  Data  Lc  xgetmemchunk.o [2]
__dwrite                 0x800'58d5   0x1e  Code  Gb  dwrite.o [5]
__exit                   0x800'1e99   0x14  Code  Gb  exit.o [5]
__iar_Fail_s             0x800'11f1   0x1c  Code  Gb  xfail_s.o [2]
__iar_Mbcurmax           0x800'12c1    0xa  Code  Gb  xmbcurmax.o [2]
__iar_Memchr             0x800'1269         Code  Gb  memchr.o [4]
__iar_Memset             0x800'4d51         Code  Gb  ABImemset.o [4]
__iar_Memset_word        0x800'4d59         Code  Gb  ABImemset.o [4]
__iar_Stderr            0x2000'00d8   0x48  Data  Gb  xfiles.o [2]
__iar_Stdin             0x2000'0048   0x48  Data  Gb  xfiles.o [2]
__iar_Stdout            0x2000'0090   0x48  Data  Gb  xfiles.o [2]
__iar_Strchr             0x800'11bd         Code  Gb  strchr.o [4]
__iar_close_ttio         0x800'1ead   0x2e  Code  Gb  iarttio.o [5]
__iar_dadd               0x800'19c5         Code  Gb  DblSub.o [3]
__iar_data_init3         0x800'5ecd   0x28  Code  Gb  data_init.o [4]
__iar_dsub               0x800'1d2d         Code  Gb  DblAdd.o [3]
__iar_dsubStart          0x800'1d3f         Code  Gb  DblAdd.o [3]
__iar_frexp              0x800'1755         Code  Gb  frexp.o [3]
__iar_frexpl             0x800'1755         Code  Gb  frexp.o [3]
__iar_get_ttio           0x800'1edd   0x4c  Code  Gb  iarttio.o [5]
__iar_globLocale        0x2000'0000   0x48  Data  Lc  xlocale_c.o [2]
__iar_global_Locale      0x800'1145    0x4  Code  Gb  xlocale_c.o [2]
__iar_init_vfp           0x800'5ef5         Code  Gb  fpinit_M.o [3]
__iar_ldexp64            0x800'1819         Code  Gb  ldexp.o [3]
__iar_lookup_ttioh       0x800'1f5b    0x4  Code  Gb  XShttio.o [2]
__iar_packbits_init3     0x800'5a0d   0x9c  Code  Gb  packbits_init.o [4]
__iar_program_start      0x800'5fdd         Code  Gb  cstartup_M.o [4]
__iar_scalbln64          0x800'1819         Code  Gb  ldexp.o [3]
__iar_scalbn64           0x800'1819         Code  Gb  ldexp.o [3]
__iar_sh_Discard         0x800'5809   0x42  Code  Gb  XShHandles.o [2]
__iar_sh_Move            0x800'584b   0x46  Code  Gb  XShHandles.o [2]
__iar_sh_Pos             0x800'5891   0x3e  Code  Gb  XShHandles.o [2]
__iar_sh_stdout          0x800'58f3   0x20  Code  Gb  iarwstd.o [5]
__iar_sh_write           0x800'5913   0x22  Code  Gb  iarwrite.o [5]
__iar_softfp___iar_frexp64
                         0x800'1749         Code  Gb  frexp.o [3]
__iar_softfp_frexp       0x800'1749         Code  Gb  frexp.o [3]
__iar_softfp_frexpl      0x800'1749         Code  Gb  frexp.o [3]
__iar_ttio_guard_lock    0x800'1f2d   0x1e  Code  Gb  XShttio.o [2]
__iar_ttio_guard_unlock
                         0x800'1f4b   0x10  Code  Gb  XShttio.o [2]
__iar_ttio_handles      0x2000'0178    0x8  Data  Lc  XShttio.o [2]
__iar_zero_init3         0x800'110b   0x3a  Code  Gb  zero_init3.o [4]
__low_level_init         0x800'5f83    0x4  Code  Gb  low_level_init.o [2]
__lseek                  0x800'57ad   0x4a  Code  Gb  lseek.o [5]
__vector_table           0x800'0000         Data  Gb  startup_stm32f446xx.o [1]
__write                  0x800'57f7   0x10  Code  Gb  write.o [5]
_call_main               0x800'5f71         Code  Gb  cmain.o [4]
_exit                    0x800'5f8d         Code  Gb  cexit.o [4]
_gLocale_mblen           0x800'11a9    0x4  Code  Gb  xlocale_c.o [2]
_gLocale_mblenInt        0x800'116d   0x2c  Code  Gb  xlocale_c.o [2]
_gLocale_wctomb          0x800'11ad    0x4  Code  Gb  xlocale_c.o [2]
_gLocale_wctombInt       0x800'11a5    0x4  Code  Gb  xlocale_c.o [2]
_main                    0x800'5f7f         Code  Gb  cmain.o [4]
abort                    0x800'1d23    0x6  Code  Gb  abort.o [2]
adjust_pwm               0x800'3cdd   0xde  Code  Lc  motor_control.o [1]
app_run                  0x800'2fa1   0x48  Code  Gb  application.o [1]
ebuf                    0x2000'030c   0x50  Data  Lc  xfiles.o [2]
exit                     0x800'5f87    0x4  Code  Gb  exit.o [2]
fclose                   0x800'5b39   0x7e  Code  Gb  fclose.o [2]
fflush                   0x800'5769   0x34  Code  Gb  fflush.o [2]
fflushOne                0x800'56f5   0x74  Code  Lc  fflush.o [2]
fputc                    0x800'5cc1   0x54  Code  Gb  fputc.o [2]
free                     0x800'5b35    0x4  Code  Gb  heaptramp0.o [2]
fseek                    0x800'59e9   0x24  Code  Gb  fseek.o [2]
get_mtr_cnt              0x800'3a9b   0x16  Code  Gb  motor_control.o [1]
hcan1                   0x2000'0590   0x28  Data  Gb  can.o [1]
hcrc                    0x2000'05d8    0x8  Data  Gb  crc.o [1]
hi2c1                   0x2000'02b8   0x54  Data  Gb  i2c.o [1]
htim1                   0x2000'0428   0x3c  Data  Gb  tim.o [1]
htim10                  0x2000'03ec   0x3c  Data  Gb  stm32f4xx_hal_timebase_TIM.o [1]
htim2                   0x2000'0464   0x3c  Data  Gb  tim.o [1]
htim3                   0x2000'04a0   0x3c  Data  Gb  tim.o [1]
htim4                   0x2000'04dc   0x3c  Data  Gb  tim.o [1]
htim6                   0x2000'0518   0x3c  Data  Gb  tim.o [1]
htim8                   0x2000'0554   0x3c  Data  Gb  tim.o [1]
huart2                  0x2000'03ac   0x40  Data  Gb  usart.o [1]
i2c_msg                 0x2000'05b8   0x20  Data  Lc  i2c_slave.o [1]
jetson_rx_handle         0x800'3e01   0x14  Code  Gb  i2c_slave.o [1]
ldexp                    0x800'1819         Code  Gb  ldexp.o [3]
ldexpl                   0x800'1819         Code  Gb  ldexp.o [3]
localeconv               0x800'11b1    0x4  Code  Gb  xlocale_c.o [2]
main                     0x800'302d   0x38  Code  Gb  main.o [1]
memchr                   0x800'1269         Code  Gb  memchr.o [4]
motor_task               0x800'39cd   0xce  Code  Gb  motor_control.o [1]
motor_task::rpm_timer   0x2000'05e0    0x8  Data  Lc  motor_control.o [1]
motor_task{1}{2}{4}{5}{6}::counter
                        0x2000'05fc    0x1  Data  Lc  motor_control.o [1]
motors                  0x2000'0188   0xb0  Data  Lc  motor_control.o [1]
motors_init              0x800'3aeb   0xce  Code  Lc  motor_control.o [1]
mtr_pwm_period          0x2000'0186    0x1  Data  Lc  motor_control.o [1]
mtr_pwm_ramp            0x2000'0184    0x2  Data  Lc  motor_control.o [1]
obuf                    0x2000'035c   0x50  Data  Lc  xfiles.o [2]
printf                   0x800'4d29   0x28  Code  Gb  printf.o [2]
putchar                  0x800'5fb1    0xc  Code  Gb  putchar.o [2]
remove                   0x800'5bcf   0x14  Code  Gb  remove.o [5]
sFileInfo               0x2000'0238   0x80  Data  Lc  XShHandles.o [2]
scalbln                  0x800'1819         Code  Gb  ldexp.o [3]
scalblnl                 0x800'1819         Code  Gb  ldexp.o [3]
scalbn                   0x800'1819         Code  Gb  ldexp.o [3]
scalbnl                  0x800'1819         Code  Gb  ldexp.o [3]
scale                    0x800'099b   0x46  Code  Lc  xprintffull.o [2]
sec_hand                0x2000'05f4    0x4  Data  Lc  xfail_s.o [2]
set_dir                  0x800'3bb9   0x30  Code  Lc  motor_control.o [1]
set_mtr_pwm_dir          0x800'3ab1   0x3a  Code  Gb  motor_control.o [1]
set_pwm                  0x800'3be9   0x40  Code  Lc  motor_control.o [1]
set_timer                0x800'4ca5   0x14  Code  Gb  timing.o [1]
stop_timer               0x800'4cb9    0x6  Code  Gb  timing.o [1]
strchr                   0x800'11bd         Code  Gb  strchr.o [4]
strlen                   0x800'1231         Code  Gb  strlen.o [4]
timeout                  0x800'4cbf   0x20  Code  Gb  timing.o [1]
ttio_guard              0x2000'05fd    0x1  Data  Lc  XShttio.o [2]
update_rpm               0x800'3c29   0xb4  Code  Lc  motor_control.o [1]
uwTick                  0x2000'05f0    0x4  Data  Gb  stm32f4xx_hal.o [1]
uwTickFreq              0x2000'0187    0x1  Data  Gb  stm32f4xx_hal.o [1]


[1] = C:\Users\John\Documents\Embedded\Projects\Embedded-Drive_Train\Drivetrain\EWARM\Drivetrain\Obj
[2] = dl7M_tlf.a
[3] = m7M_tls.a
[4] = rt7M_tl.a
[5] = shb_l.a

  24 420 bytes of readonly  code memory
     715 bytes of readonly  data memory
  17 918 bytes of readwrite data memory

Errors: none
Warnings: none
