###############################################################################
#
# IAR ELF Linker V8.32.1.169/W32 for ARM                  20/Jan/2019  13:09:25
# Copyright 2007-2018 IAR Systems AB.
#
#    Output file  =  
#        C:\Users\John\Documents\Embedded\Projects\Embedded-Drive_Train\Drivetrain\EWARM\Drivetrain\Exe\Drivetrain.out
#    Map file     =  
#        C:\Users\John\Documents\Embedded\Projects\Embedded-Drive_Train\Drivetrain\EWARM\Drivetrain\List\Drivetrain.map
#    Command line =  
#        -f C:\Users\John\AppData\Local\Temp\EW8795.tmp
#        (C:\Users\John\Documents\Embedded\Projects\Embedded-Drive_Train\Drivetrain\EWARM\Drivetrain\Obj\application.o
#        C:\Users\John\Documents\Embedded\Projects\Embedded-Drive_Train\Drivetrain\EWARM\Drivetrain\Obj\can.o
#        C:\Users\John\Documents\Embedded\Projects\Embedded-Drive_Train\Drivetrain\EWARM\Drivetrain\Obj\gpio.o
#        C:\Users\John\Documents\Embedded\Projects\Embedded-Drive_Train\Drivetrain\EWARM\Drivetrain\Obj\main.o
#        C:\Users\John\Documents\Embedded\Projects\Embedded-Drive_Train\Drivetrain\EWARM\Drivetrain\Obj\motor_control.o
#        C:\Users\John\Documents\Embedded\Projects\Embedded-Drive_Train\Drivetrain\EWARM\Drivetrain\Obj\radio_control.o
#        C:\Users\John\Documents\Embedded\Projects\Embedded-Drive_Train\Drivetrain\EWARM\Drivetrain\Obj\startup_stm32f446xx.o
#        C:\Users\John\Documents\Embedded\Projects\Embedded-Drive_Train\Drivetrain\EWARM\Drivetrain\Obj\stm32f4xx_hal.o
#        C:\Users\John\Documents\Embedded\Projects\Embedded-Drive_Train\Drivetrain\EWARM\Drivetrain\Obj\stm32f4xx_hal_can.o
#        C:\Users\John\Documents\Embedded\Projects\Embedded-Drive_Train\Drivetrain\EWARM\Drivetrain\Obj\stm32f4xx_hal_cortex.o
#        C:\Users\John\Documents\Embedded\Projects\Embedded-Drive_Train\Drivetrain\EWARM\Drivetrain\Obj\stm32f4xx_hal_dma.o
#        C:\Users\John\Documents\Embedded\Projects\Embedded-Drive_Train\Drivetrain\EWARM\Drivetrain\Obj\stm32f4xx_hal_dma_ex.o
#        C:\Users\John\Documents\Embedded\Projects\Embedded-Drive_Train\Drivetrain\EWARM\Drivetrain\Obj\stm32f4xx_hal_flash.o
#        C:\Users\John\Documents\Embedded\Projects\Embedded-Drive_Train\Drivetrain\EWARM\Drivetrain\Obj\stm32f4xx_hal_flash_ex.o
#        C:\Users\John\Documents\Embedded\Projects\Embedded-Drive_Train\Drivetrain\EWARM\Drivetrain\Obj\stm32f4xx_hal_flash_ramfunc.o
#        C:\Users\John\Documents\Embedded\Projects\Embedded-Drive_Train\Drivetrain\EWARM\Drivetrain\Obj\stm32f4xx_hal_gpio.o
#        C:\Users\John\Documents\Embedded\Projects\Embedded-Drive_Train\Drivetrain\EWARM\Drivetrain\Obj\stm32f4xx_hal_msp.o
#        C:\Users\John\Documents\Embedded\Projects\Embedded-Drive_Train\Drivetrain\EWARM\Drivetrain\Obj\stm32f4xx_hal_pwr.o
#        C:\Users\John\Documents\Embedded\Projects\Embedded-Drive_Train\Drivetrain\EWARM\Drivetrain\Obj\stm32f4xx_hal_pwr_ex.o
#        C:\Users\John\Documents\Embedded\Projects\Embedded-Drive_Train\Drivetrain\EWARM\Drivetrain\Obj\stm32f4xx_hal_rcc.o
#        C:\Users\John\Documents\Embedded\Projects\Embedded-Drive_Train\Drivetrain\EWARM\Drivetrain\Obj\stm32f4xx_hal_rcc_ex.o
#        C:\Users\John\Documents\Embedded\Projects\Embedded-Drive_Train\Drivetrain\EWARM\Drivetrain\Obj\stm32f4xx_hal_tim.o
#        C:\Users\John\Documents\Embedded\Projects\Embedded-Drive_Train\Drivetrain\EWARM\Drivetrain\Obj\stm32f4xx_hal_tim_ex.o
#        C:\Users\John\Documents\Embedded\Projects\Embedded-Drive_Train\Drivetrain\EWARM\Drivetrain\Obj\stm32f4xx_hal_timebase_TIM.o
#        C:\Users\John\Documents\Embedded\Projects\Embedded-Drive_Train\Drivetrain\EWARM\Drivetrain\Obj\stm32f4xx_hal_uart.o
#        C:\Users\John\Documents\Embedded\Projects\Embedded-Drive_Train\Drivetrain\EWARM\Drivetrain\Obj\stm32f4xx_it.o
#        C:\Users\John\Documents\Embedded\Projects\Embedded-Drive_Train\Drivetrain\EWARM\Drivetrain\Obj\system_stm32f4xx.o
#        C:\Users\John\Documents\Embedded\Projects\Embedded-Drive_Train\Drivetrain\EWARM\Drivetrain\Obj\tim.o
#        C:\Users\John\Documents\Embedded\Projects\Embedded-Drive_Train\Drivetrain\EWARM\Drivetrain\Obj\usart.o
#        --redirect _Printf=_PrintfFull --redirect _Scanf=_ScanfFull
#        --no_out_extension -o
#        C:\Users\John\Documents\Embedded\Projects\Embedded-Drive_Train\Drivetrain\EWARM\Drivetrain\Exe\Drivetrain.out
#        --map
#        C:\Users\John\Documents\Embedded\Projects\Embedded-Drive_Train\Drivetrain\EWARM\Drivetrain\List\Drivetrain.map
#        --config "C:\Program Files (x86)\IAR Systems\Embedded Workbench
#        8.2\arm\config\linker\ST\stm32f446xE.icf" --semihosting --entry
#        __iar_program_start --vfe --text_out locale)
#
###############################################################################

*******************************************************************************
*** RUNTIME MODEL ATTRIBUTES
***

CppFlavor       = *
__SystemLibrary = DLib
__dlib_version  = 6


*******************************************************************************
*** HEAP SELECTION
***

The basic heap was selected because some modules are built with
size limitations (and not runtime checking), and --advanced_heap
was not specified.


*******************************************************************************
*** PLACEMENT SUMMARY
***

"A0":  place at 0x800'0000 { ro section .intvec };
"P1":  place in [from 0x800'0000 to 0x807'ffff] { ro };
define block CSTACK with size = 8K, alignment = 8 { };
define block HEAP with size = 8K, alignment = 8 { };
"P3":  place in [from 0x2000'0000 to 0x2001'bfff] |
                [from 0x2001'c000 to 0x2001'ffff] {
          rw, block CSTACK, block HEAP };
initialize by copy { rw };

No sections matched the following patterns:

  ro section application_specific_ro  in "P2|P5"
  rw section application_specific_rw  in "P2|P5"
  section .backup_sram                in "P4"


  Section            Kind         Address    Size  Object
  -------            ----         -------    ----  ------
"A0":                                       0x1c4
  .intvec            ro code   0x800'0000   0x1c4  startup_stm32f446xx.o [1]
                             - 0x800'01c4   0x1c4

"P1":                                      0x22d4
  .text              ro code   0x800'01c4   0x538  stm32f4xx_hal_tim.o [1]
  .text              ro code   0x800'06fc   0x470  tim.o [1]
  .text              ro code   0x800'0b6c     0x2  stm32f4xx_hal_tim.o [1]
  .text              ro code   0x800'0b6e     0x2  stm32f4xx_hal_tim.o [1]
  .text              ro code   0x800'0b70     0x2  stm32f4xx_hal_tim.o [1]
  .text              ro code   0x800'0b72    0x3a  zero_init3.o [4]
  .text              ro code   0x800'0bac    0xfe  main.o [1]
  .text              ro code   0x800'0caa     0x2  stm32f4xx_hal_tim_ex.o [1]
  .text              ro code   0x800'0cac     0x2  stm32f4xx_hal_tim.o [1]
  .text              ro code   0x800'0cae     0x2  stm32f4xx_hal_tim_ex.o [1]
  .text              ro code   0x800'0cb0    0x4c  stm32f4xx_hal_tim_ex.o [1]
  .text              ro code   0x800'0cfc   0x1c8  stm32f4xx_hal_gpio.o [1]
  .text              ro code   0x800'0ec4    0xe2  stm32f4xx_hal_cortex.o [1]
  .text              ro code   0x800'0fa8    0x34  stm32f4xx_hal.o [1]
  .text              ro code   0x800'0fdc    0xf0  gpio.o [1]
  .text              ro code   0x800'10cc    0x8c  usart.o [1]
  .text              ro code   0x800'1158    0xcc  can.o [1]
  .text              ro code   0x800'1224   0x3c4  stm32f4xx_hal_rcc_ex.o [1]
  .text              ro code   0x800'15e8   0x18c  stm32f4xx_hal_rcc.o [1]
  .text              ro code   0x800'1774    0x10  stm32f4xx_hal.o [1]
  .text              ro code   0x800'1784    0x80  stm32f4xx_hal_timebase_TIM.o [1]
  .text              ro code   0x800'1804    0x94  stm32f4xx_hal_msp.o [1]
  .text              ro code   0x800'1898   0x2a8  stm32f4xx_hal_uart.o [1]
  .text              ro code   0x800'1b40   0x304  stm32f4xx_hal_can.o [1]
  .text              ro code   0x800'1e44   0x230  I64DivMod.o [4]
  .text              ro code   0x800'2074     0xc  stm32f4xx_hal.o [1]
  .text              ro code   0x800'2080     0x2  stm32f4xx_hal_can.o [1]
  .text              ro code   0x800'2082     0x2  stm32f4xx_hal_can.o [1]
  .text              ro code   0x800'2084     0x2  stm32f4xx_hal_can.o [1]
  .text              ro code   0x800'2086     0x2  stm32f4xx_hal_can.o [1]
  .text              ro code   0x800'2088     0x2  stm32f4xx_hal_can.o [1]
  .text              ro code   0x800'208a     0x2  stm32f4xx_hal_can.o [1]
  .text              ro code   0x800'208c     0x2  stm32f4xx_hal_can.o [1]
  .text              ro code   0x800'208e     0x2  stm32f4xx_hal_can.o [1]
  .text              ro code   0x800'2090     0x2  stm32f4xx_hal_can.o [1]
  .text              ro code   0x800'2092     0x2  stm32f4xx_hal_can.o [1]
  .text              ro code   0x800'2094     0x2  stm32f4xx_hal_can.o [1]
  .text              ro code   0x800'2096     0x2  stm32f4xx_hal_can.o [1]
  .text              ro code   0x800'2098     0x2  stm32f4xx_hal_can.o [1]
  .text              ro code   0x800'209c     0x2  I64DivZer.o [4]
  .text              ro code   0x800'20a0    0x60  system_stm32f4xx.o [1]
  .rodata            const     0x800'2100    0x4c  can.o [1]
  .rodata            const     0x800'214c    0x4c  tim.o [1]
  .rodata            const     0x800'2198    0x4c  usart.o [1]
  .text              ro code   0x800'21e4    0x40  stm32f4xx_it.o [1]
  .text              ro code   0x800'2224    0x2c  copy_init3.o [4]
  .text              ro code   0x800'2250    0x28  data_init.o [4]
  .text              ro code   0x800'2278    0x22  fpinit_M.o [3]
  .iar.init_table    const     0x800'229c    0x24  - Linker created -
  .text              ro code   0x800'22c0    0x1e  cmain.o [4]
  .text              ro code   0x800'22de     0x4  low_level_init.o [2]
  .text              ro code   0x800'22e2     0x4  exit.o [2]
  .text              ro code   0x800'22e8     0xa  cexit.o [4]
  .text              ro code   0x800'22f4    0x14  exit.o [5]
  .text              ro code   0x800'2308    0x10  startup_stm32f446xx.o [1]
  .text              ro code   0x800'2318     0xc  cstartup_M.o [4]
  .rodata            const     0x800'2324     0x8  system_stm32f4xx.o [1]
  .text              ro code   0x800'232c     0x4  startup_stm32f446xx.o [1]
  .text              ro code   0x800'2330     0x4  startup_stm32f446xx.o [1]
  .text              ro code   0x800'2334     0x4  startup_stm32f446xx.o [1]
  .text              ro code   0x800'2338     0x4  startup_stm32f446xx.o [1]
  .text              ro code   0x800'233c     0x4  startup_stm32f446xx.o [1]
  .text              ro code   0x800'2340     0x4  startup_stm32f446xx.o [1]
  .text              ro code   0x800'2344     0x4  startup_stm32f446xx.o [1]
  .text              ro code   0x800'2348     0x4  startup_stm32f446xx.o [1]
  .text              ro code   0x800'234c     0x4  startup_stm32f446xx.o [1]
  .text              ro code   0x800'2350     0x4  startup_stm32f446xx.o [1]
  .text              ro code   0x800'2354     0x4  startup_stm32f446xx.o [1]
  .text              ro code   0x800'2358     0x4  startup_stm32f446xx.o [1]
  .text              ro code   0x800'235c     0x4  startup_stm32f446xx.o [1]
  .text              ro code   0x800'2360     0x4  startup_stm32f446xx.o [1]
  .text              ro code   0x800'2364     0x4  startup_stm32f446xx.o [1]
  .text              ro code   0x800'2368     0x4  startup_stm32f446xx.o [1]
  .text              ro code   0x800'236c     0x4  startup_stm32f446xx.o [1]
  .text              ro code   0x800'2370     0x4  startup_stm32f446xx.o [1]
  .text              ro code   0x800'2374     0x4  startup_stm32f446xx.o [1]
  .text              ro code   0x800'2378     0x4  startup_stm32f446xx.o [1]
  .text              ro code   0x800'237c     0x4  startup_stm32f446xx.o [1]
  .text              ro code   0x800'2380     0x4  startup_stm32f446xx.o [1]
  .text              ro code   0x800'2384     0x4  startup_stm32f446xx.o [1]
  .text              ro code   0x800'2388     0x4  startup_stm32f446xx.o [1]
  .text              ro code   0x800'238c     0x4  startup_stm32f446xx.o [1]
  .text              ro code   0x800'2390     0x4  startup_stm32f446xx.o [1]
  .text              ro code   0x800'2394     0x4  startup_stm32f446xx.o [1]
  .text              ro code   0x800'2398     0x4  startup_stm32f446xx.o [1]
  .text              ro code   0x800'239c     0x4  startup_stm32f446xx.o [1]
  .text              ro code   0x800'23a0     0x4  startup_stm32f446xx.o [1]
  .text              ro code   0x800'23a4     0x4  startup_stm32f446xx.o [1]
  .text              ro code   0x800'23a8     0x4  startup_stm32f446xx.o [1]
  .text              ro code   0x800'23ac     0x4  startup_stm32f446xx.o [1]
  .text              ro code   0x800'23b0     0x4  startup_stm32f446xx.o [1]
  .text              ro code   0x800'23b4     0x4  startup_stm32f446xx.o [1]
  .text              ro code   0x800'23b8     0x4  startup_stm32f446xx.o [1]
  .text              ro code   0x800'23bc     0x4  startup_stm32f446xx.o [1]
  .text              ro code   0x800'23c0     0x4  startup_stm32f446xx.o [1]
  .text              ro code   0x800'23c4     0x4  startup_stm32f446xx.o [1]
  .text              ro code   0x800'23c8     0x4  startup_stm32f446xx.o [1]
  .text              ro code   0x800'23cc     0x4  startup_stm32f446xx.o [1]
  .text              ro code   0x800'23d0     0x4  startup_stm32f446xx.o [1]
  .text              ro code   0x800'23d4     0x4  startup_stm32f446xx.o [1]
  .text              ro code   0x800'23d8     0x4  startup_stm32f446xx.o [1]
  .text              ro code   0x800'23dc     0x4  startup_stm32f446xx.o [1]
  .text              ro code   0x800'23e0     0x4  startup_stm32f446xx.o [1]
  .text              ro code   0x800'23e4     0x4  startup_stm32f446xx.o [1]
  .text              ro code   0x800'23e8     0x4  startup_stm32f446xx.o [1]
  .text              ro code   0x800'23ec     0x4  startup_stm32f446xx.o [1]
  .text              ro code   0x800'23f0     0x4  startup_stm32f446xx.o [1]
  .text              ro code   0x800'23f4     0x4  startup_stm32f446xx.o [1]
  .text              ro code   0x800'23f8     0x4  startup_stm32f446xx.o [1]
  .text              ro code   0x800'23fc     0x4  startup_stm32f446xx.o [1]
  .text              ro code   0x800'2400     0x4  startup_stm32f446xx.o [1]
  .text              ro code   0x800'2404     0x4  startup_stm32f446xx.o [1]
  .text              ro code   0x800'2408     0x4  startup_stm32f446xx.o [1]
  .text              ro code   0x800'240c     0x4  startup_stm32f446xx.o [1]
  .text              ro code   0x800'2410     0x4  startup_stm32f446xx.o [1]
  .text              ro code   0x800'2414     0x4  startup_stm32f446xx.o [1]
  .text              ro code   0x800'2418     0x4  startup_stm32f446xx.o [1]
  .text              ro code   0x800'241c     0x4  startup_stm32f446xx.o [1]
  .text              ro code   0x800'2420     0x4  startup_stm32f446xx.o [1]
  .text              ro code   0x800'2424     0x4  startup_stm32f446xx.o [1]
  .text              ro code   0x800'2428     0x4  startup_stm32f446xx.o [1]
  .text              ro code   0x800'242c     0x4  startup_stm32f446xx.o [1]
  .text              ro code   0x800'2430     0x4  startup_stm32f446xx.o [1]
  .text              ro code   0x800'2434     0x4  startup_stm32f446xx.o [1]
  .text              ro code   0x800'2438     0x4  startup_stm32f446xx.o [1]
  .text              ro code   0x800'243c     0x4  startup_stm32f446xx.o [1]
  .text              ro code   0x800'2440     0x4  startup_stm32f446xx.o [1]
  .text              ro code   0x800'2444     0x4  startup_stm32f446xx.o [1]
  .text              ro code   0x800'2448     0x4  startup_stm32f446xx.o [1]
  .text              ro code   0x800'244c     0x4  startup_stm32f446xx.o [1]
  .text              ro code   0x800'2450     0x4  startup_stm32f446xx.o [1]
  .text              ro code   0x800'2454     0x4  startup_stm32f446xx.o [1]
  .text              ro code   0x800'2458     0x4  startup_stm32f446xx.o [1]
  .text              ro code   0x800'245c     0x4  startup_stm32f446xx.o [1]
  .text              ro code   0x800'2460     0x4  startup_stm32f446xx.o [1]
  .text              ro code   0x800'2464     0x4  startup_stm32f446xx.o [1]
  .text              ro code   0x800'2468     0x4  startup_stm32f446xx.o [1]
  .text              ro code   0x800'246c     0x4  startup_stm32f446xx.o [1]
  .text              ro code   0x800'2470     0x4  startup_stm32f446xx.o [1]
  .text              ro code   0x800'2474     0x4  startup_stm32f446xx.o [1]
  .text              ro code   0x800'2478     0x4  startup_stm32f446xx.o [1]
  .text              ro code   0x800'247c     0x4  startup_stm32f446xx.o [1]
  .text              ro code   0x800'2480     0x4  startup_stm32f446xx.o [1]
  .text              ro code   0x800'2484     0x4  startup_stm32f446xx.o [1]
  .rodata            const     0x800'2488     0x0  zero_init3.o [4]
  .rodata            const     0x800'2488     0x0  copy_init3.o [4]
  Initializer bytes  const     0x800'2488    0x10  <for P3 s0>
                             - 0x800'2498  0x22d4

"P3", part 1 of 3:                           0x10
  P3 s0                       0x2000'0000    0x10  <Init block>
    .data            inited   0x2000'0000     0xc  stm32f4xx_hal.o [1]
    .data            inited   0x2000'000c     0x4  system_stm32f4xx.o [1]
                            - 0x2000'0010    0x10

"P3", part 2 of 3:                          0x20c
  .bss               zero     0x2000'0010    0x40  usart.o [1]
  .bss               zero     0x2000'0050    0x3c  stm32f4xx_hal_timebase_TIM.o [1]
  .bss               zero     0x2000'008c    0x3c  tim.o [1]
  .bss               zero     0x2000'00c8    0x3c  tim.o [1]
  .bss               zero     0x2000'0104    0x3c  tim.o [1]
  .bss               zero     0x2000'0140    0x3c  tim.o [1]
  .bss               zero     0x2000'017c    0x3c  tim.o [1]
  .bss               zero     0x2000'01b8    0x3c  tim.o [1]
  .bss               zero     0x2000'01f4    0x28  can.o [1]
                            - 0x2000'021c   0x20c

"P3", part 3 of 3:                         0x2000
  CSTACK                      0x2000'0220  0x2000  <Block>
    CSTACK           uninit   0x2000'0220  0x2000  <Block tail>
                            - 0x2000'2220  0x2000

Unused ranges:

         From           To      Size
         ----           --      ----
   0x800'2498   0x807'ffff  0x7'db68
  0x2000'021c  0x2000'021f       0x4
  0x2000'2220  0x2001'bfff  0x1'9de0
  0x2001'c000  0x2001'ffff    0x4000


*******************************************************************************
*** INIT TABLE
***

          Address      Size
          -------      ----
Zero (__iar_zero_init3)
    1 destination range, total size 0x20c:
          0x2000'0010  0x20c

Copy (__iar_copy_init3)
    1 source range, total size 0x10:
           0x800'2488   0x10
    1 destination range, total size 0x10:
          0x2000'0000   0x10



*******************************************************************************
*** MODULE SUMMARY
***

    Module                        ro code  ro data  rw data
    ------                        -------  -------  -------
command line/config:
    -------------------------------------------------------
    Total:

C:\Users\John\Documents\Embedded\Projects\Embedded-Drive_Train\Drivetrain\EWARM\Drivetrain\Obj: [1]
    can.o                             204       76       40
    gpio.o                            240
    main.o                            254
    startup_stm32f446xx.o             816
    stm32f4xx_hal.o                    80       12       12
    stm32f4xx_hal_can.o               798
    stm32f4xx_hal_cortex.o            226
    stm32f4xx_hal_gpio.o              456
    stm32f4xx_hal_msp.o               148
    stm32f4xx_hal_rcc.o               396
    stm32f4xx_hal_rcc_ex.o            964
    stm32f4xx_hal_tim.o             1 344
    stm32f4xx_hal_tim_ex.o             80
    stm32f4xx_hal_timebase_TIM.o      128                60
    stm32f4xx_hal_uart.o              680
    stm32f4xx_it.o                     64
    system_stm32f4xx.o                 96       12        4
    tim.o                           1 136       76      360
    usart.o                           140       76       64
    -------------------------------------------------------
    Total:                          8 250      252      540

dl7M_tlf.a: [2]
    exit.o                              4
    low_level_init.o                    4
    -------------------------------------------------------
    Total:                              8

m7M_tls.a: [3]
    fpinit_M.o                         34
    -------------------------------------------------------
    Total:                             34

rt7M_tl.a: [4]
    I64DivMod.o                       560
    I64DivZer.o                         2
    cexit.o                            10
    cmain.o                            30
    copy_init3.o                       44
    cstartup_M.o                       12
    data_init.o                        40
    zero_init3.o                       58
    -------------------------------------------------------
    Total:                            756

shb_l.a: [5]
    exit.o                             20
    -------------------------------------------------------
    Total:                             20

    Gaps                               10        2
    Linker created                              36    8 192
-----------------------------------------------------------
    Grand Total:                    9 078      290    8 732


*******************************************************************************
*** ENTRY LIST
***

Entry                       Address   Size  Type      Object
-----                       -------   ----  ----      ------
.iar.init_table$$Base    0x800'229c          --   Gb  - Linker created -
.iar.init_table$$Limit   0x800'22c0          --   Gb  - Linker created -
?main                    0x800'22c1         Code  Gb  cmain.o [4]
AHBPrescTable            0x800'20f0   0x10  Data  Gb  system_stm32f4xx.o [1]
APBPrescTable            0x800'2324    0x8  Data  Gb  system_stm32f4xx.o [1]
CAN1_RX0_IRQHandler      0x800'21ed    0x2  Code  Gb  stm32f4xx_it.o [1]
CAN1_RX1_IRQHandler      0x800'21f5    0x2  Code  Gb  stm32f4xx_it.o [1]
CAN1_SCE_IRQHandler      0x800'21f7    0x2  Code  Gb  stm32f4xx_it.o [1]
CAN1_TX_IRQHandler       0x800'21e9    0x2  Code  Gb  stm32f4xx_it.o [1]
CSTACK$$Base            0x2000'0220          --   Gb  - Linker created -
CSTACK$$Limit           0x2000'2220          --   Gb  - Linker created -
HAL_CAN_IRQHandler       0x800'1c4d  0x1f8  Code  Gb  stm32f4xx_hal_can.o [1]
HAL_CAN_Init             0x800'1b41  0x102  Code  Gb  stm32f4xx_hal_can.o [1]
HAL_CAN_MspInit          0x800'1187   0x88  Code  Gb  can.o [1]
HAL_GPIO_Init            0x800'0cfd  0x198  Code  Gb  stm32f4xx_hal_gpio.o [1]
HAL_GPIO_WritePin        0x800'0e95    0x8  Code  Gb  stm32f4xx_hal_gpio.o [1]
HAL_GetTick              0x800'2075    0xc  Code  Wk  stm32f4xx_hal.o [1]
HAL_IncTick              0x800'1775   0x10  Code  Wk  stm32f4xx_hal.o [1]
HAL_Init                 0x800'0fa9   0x30  Code  Gb  stm32f4xx_hal.o [1]
HAL_InitTick             0x800'1785   0x6e  Code  Gb  stm32f4xx_hal_timebase_TIM.o [1]
HAL_MspInit              0x800'1805   0x94  Code  Gb  stm32f4xx_hal_msp.o [1]
HAL_NVIC_EnableIRQ       0x800'0f31    0xa  Code  Gb  stm32f4xx_hal_cortex.o [1]
HAL_NVIC_SetPriority     0x800'0edf   0x52  Code  Gb  stm32f4xx_hal_cortex.o [1]
HAL_NVIC_SetPriorityGrouping
                         0x800'0ec5   0x1a  Code  Gb  stm32f4xx_hal_cortex.o [1]
HAL_RCC_ClockConfig      0x800'15e9  0x110  Code  Gb  stm32f4xx_hal_rcc.o [1]
HAL_RCC_GetClockConfig   0x800'1723   0x38  Code  Gb  stm32f4xx_hal_rcc.o [1]
HAL_RCC_GetHCLKFreq      0x800'16f9    0x6  Code  Gb  stm32f4xx_hal_rcc.o [1]
HAL_RCC_GetPCLK1Freq     0x800'16ff   0x10  Code  Gb  stm32f4xx_hal_rcc.o [1]
HAL_RCC_GetPCLK2Freq     0x800'170f    0xe  Code  Gb  stm32f4xx_hal_rcc.o [1]
HAL_RCC_GetSysClockFreq
                         0x800'1225   0x8e  Code  Gb  stm32f4xx_hal_rcc_ex.o [1]
HAL_RCC_OscConfig        0x800'12b3  0x318  Code  Gb  stm32f4xx_hal_rcc_ex.o [1]
HAL_SYSTICK_CLKSourceConfig
                         0x800'0f67   0x1a  Code  Gb  stm32f4xx_hal_cortex.o [1]
HAL_SYSTICK_Config       0x800'0f45   0x22  Code  Gb  stm32f4xx_hal_cortex.o [1]
HAL_SYSTICK_IRQHandler   0x800'0fa1    0x4  Code  Gb  stm32f4xx_hal_cortex.o [1]
HAL_TIMEx_BreakCallback
                         0x800'0cab    0x2  Code  Wk  stm32f4xx_hal_tim_ex.o [1]
HAL_TIMEx_CommutationCallback
                         0x800'0caf    0x2  Code  Wk  stm32f4xx_hal_tim_ex.o [1]
HAL_TIMEx_MasterConfigSynchronization
                         0x800'0cb1   0x4c  Code  Gb  stm32f4xx_hal_tim_ex.o [1]
HAL_TIM_Base_Init        0x800'01c5   0x1e  Code  Gb  stm32f4xx_hal_tim.o [1]
HAL_TIM_Base_MspInit     0x800'0abd   0x26  Code  Gb  tim.o [1]
HAL_TIM_Base_Start_IT    0x800'01e3   0x16  Code  Gb  stm32f4xx_hal_tim.o [1]
HAL_TIM_Encoder_Init     0x800'022b   0x8e  Code  Gb  stm32f4xx_hal_tim.o [1]
HAL_TIM_Encoder_MspInit
                         0x800'097b  0x11c  Code  Gb  tim.o [1]
HAL_TIM_IRQHandler       0x800'02bb  0x14a  Code  Gb  stm32f4xx_hal_tim.o [1]
HAL_TIM_MspPostInit      0x800'0ae3   0x48  Code  Gb  tim.o [1]
HAL_TIM_PWM_ConfigChannel
                         0x800'0405   0xd0  Code  Gb  stm32f4xx_hal_tim.o [1]
HAL_TIM_PWM_Init         0x800'020d   0x1e  Code  Gb  stm32f4xx_hal_tim.o [1]
HAL_TIM_PWM_MspInit      0x800'0a97   0x26  Code  Gb  tim.o [1]
HAL_TIM_PeriodElapsedCallback
                         0x800'0c8b    0xe  Code  Gb  main.o [1]
HAL_UART_Init            0x800'1899   0x44  Code  Gb  stm32f4xx_hal_uart.o [1]
HAL_UART_MspInit         0x800'10ff   0x46  Code  Gb  usart.o [1]
MX_CAN1_Init             0x800'1159   0x2e  Code  Gb  can.o [1]
MX_GPIO_Init             0x800'0fdd   0xf0  Code  Gb  gpio.o [1]
MX_TIM1_Init             0x800'06fd   0x6a  Code  Gb  tim.o [1]
MX_TIM2_Init             0x800'0767   0xac  Code  Gb  tim.o [1]
MX_TIM3_Init             0x800'0813   0x64  Code  Gb  tim.o [1]
MX_TIM4_Init             0x800'0877   0x60  Code  Gb  tim.o [1]
MX_TIM6_Init             0x800'08d7   0x40  Code  Gb  tim.o [1]
MX_TIM8_Init             0x800'0917   0x64  Code  Gb  tim.o [1]
MX_USART2_UART_Init      0x800'10cd   0x32  Code  Gb  usart.o [1]
Region$$Table$$Base      0x800'229c          --   Gb  - Linker created -
Region$$Table$$Limit     0x800'22c0          --   Gb  - Linker created -
SysTick_Handler          0x800'21e5    0x4  Code  Gb  stm32f4xx_it.o [1]
SystemClock_Config       0x800'0bdd   0xae  Code  Gb  main.o [1]
SystemCoreClock         0x2000'000c    0x4  Data  Gb  system_stm32f4xx.o [1]
SystemInit               0x800'20a1   0x3a  Code  Gb  system_stm32f4xx.o [1]
TIM1_UP_TIM10_IRQHandler
                         0x800'21f9   0x12  Code  Gb  stm32f4xx_it.o [1]
TIM8_TRG_COM_TIM14_IRQHandler
                         0x800'220d    0x2  Code  Gb  stm32f4xx_it.o [1]
TIM8_UP_TIM13_IRQHandler
                         0x800'220b    0x2  Code  Gb  stm32f4xx_it.o [1]
TIM_Base_SetConfig       0x800'04ed   0x98  Code  Gb  stm32f4xx_hal_tim.o [1]
TIM_OC1_SetConfig        0x800'05dd   0x52  Code  Lc  stm32f4xx_hal_tim.o [1]
TIM_OC2_SetConfig        0x800'0585   0x56  Code  Gb  stm32f4xx_hal_tim.o [1]
TIM_OC3_SetConfig        0x800'062f   0x52  Code  Lc  stm32f4xx_hal_tim.o [1]
TIM_OC4_SetConfig        0x800'0687   0x48  Code  Lc  stm32f4xx_hal_tim.o [1]
UART_SetConfig           0x800'18f5  0x238  Code  Lc  stm32f4xx_hal_uart.o [1]
_Error_Handler           0x800'0ca9    0x2  Code  Gb  main.o [1]
__aeabi_ldiv0            0x800'209d         Code  Gb  I64DivZer.o [4]
__aeabi_uldivmod         0x800'1e45         Code  Gb  I64DivMod.o [4]
__cmain                  0x800'22c1         Code  Gb  cmain.o [4]
__exit                   0x800'22f5   0x14  Code  Gb  exit.o [5]
__iar_copy_init3         0x800'2225   0x2c  Code  Gb  copy_init3.o [4]
__iar_data_init3         0x800'2251   0x28  Code  Gb  data_init.o [4]
__iar_init_vfp           0x800'2279         Code  Gb  fpinit_M.o [3]
__iar_program_start      0x800'2319         Code  Gb  cstartup_M.o [4]
__iar_zero_init3         0x800'0b73   0x3a  Code  Gb  zero_init3.o [4]
__low_level_init         0x800'22df    0x4  Code  Gb  low_level_init.o [2]
__vector_table           0x800'0000         Data  Gb  startup_stm32f446xx.o [1]
_call_main               0x800'22cd         Code  Gb  cmain.o [4]
_exit                    0x800'22e9         Code  Gb  cexit.o [4]
_main                    0x800'22db         Code  Gb  cmain.o [4]
exit                     0x800'22e3    0x4  Code  Gb  exit.o [2]
hcan1                   0x2000'01f4   0x28  Data  Gb  can.o [1]
htim1                   0x2000'008c   0x3c  Data  Gb  tim.o [1]
htim10                  0x2000'0050   0x3c  Data  Gb  stm32f4xx_hal_timebase_TIM.o [1]
htim2                   0x2000'00c8   0x3c  Data  Gb  tim.o [1]
htim3                   0x2000'0104   0x3c  Data  Gb  tim.o [1]
htim4                   0x2000'0140   0x3c  Data  Gb  tim.o [1]
htim6                   0x2000'017c   0x3c  Data  Gb  tim.o [1]
htim8                   0x2000'01b8   0x3c  Data  Gb  tim.o [1]
huart2                  0x2000'0010   0x40  Data  Gb  usart.o [1]
main                     0x800'0bad   0x30  Code  Gb  main.o [1]
uwTick                  0x2000'0004    0x4  Data  Gb  stm32f4xx_hal.o [1]
uwTickFreq              0x2000'0000    0x1  Data  Gb  stm32f4xx_hal.o [1]
uwTickPrio              0x2000'0008    0x4  Data  Gb  stm32f4xx_hal.o [1]


[1] = C:\Users\John\Documents\Embedded\Projects\Embedded-Drive_Train\Drivetrain\EWARM\Drivetrain\Obj
[2] = dl7M_tlf.a
[3] = m7M_tls.a
[4] = rt7M_tl.a
[5] = shb_l.a

  9 078 bytes of readonly  code memory
    290 bytes of readonly  data memory
  8 732 bytes of readwrite data memory

Errors: none
Warnings: none
